// Jest Snapshot v1, https://goo.gl/fbAQLP

exports[`<CardPage /> should match snapshot 1`] = `
<div>
  <h1>
    Cards
  </h1>
  <button
    className="btn btn-success card-create btn btn-default"
    disabled={false}
    onClick={[Function]}
    type="button"
  >
    New Card
  </button>
  <table
    className="table"
  >
    <thead>
      <tr>
        <th>
          Wisdom
        </th>
        <th>
          Attribute
        </th>
        <th>
           
        </th>
        <th>
           
        </th>
      </tr>
    </thead>
    <tbody />
  </table>
</div>
`;
