// Jest Snapshot v1, https://goo.gl/fbAQLP

exports[`<CardPage /> should match snapshot 1`] = `
<div
  className="card-page container-fluid"
>
  <div
    className="row"
  >
    <div
      className="card-page-header clearfix"
    >
      <div
        className="pull-left"
      >
        <h2>
          Cards
        </h2>
      </div>
      <div
        className="pull-right"
      >
        <button
          className="create-card-button btn btn-success btn btn-default"
          disabled={false}
          onClick={[Function]}
          type="button"
        >
          New Card
        </button>
      </div>
    </div>
  </div>
  <div
    className="row"
  >
    <div
      className="col-xs-offset-4 col-xs-4"
    >
      <div
        className="card-list"
      />
    </div>
  </div>
</div>
`;
